Traceback (most recent call last):
  File "/Volumes/AI_DATA/development/det-review-evidence/ri194-path-runtime-applicability-review-zqqw4q78/check_applicability_v2.py", line 201, in <module>
    try:result=check_main()
               ~~~~~~~~~~^^
  File "/Volumes/AI_DATA/development/det-review-evidence/ri194-path-runtime-applicability-review-zqqw4q78/check_applicability_v2.py", line 66, in check_main
    same(read(row['destination']),refread(row['source']),'complete copy bytes '+row['relative'])
    ~~~~^^^^^^^^^^^^^^^^^^^^^^^^^^^^^^^^^^^^^^^^^^^^^^^^^^^^^^^^^^^^^^^^^^^^^^^^^^^^^^^^^^^^^^^^
  File "/Volumes/AI_DATA/development/det-review-evidence/ri194-path-runtime-applicability-review-zqqw4q78/check_applicability_v2.py", line 18, in same
    def same(a,b,label): need(canonical(a)==canonical(b),label)
                              ~~~~~~~~~^^^
  File "/Volumes/AI_DATA/development/det-review-evidence/ri194-path-runtime-applicability-review-zqqw4q78/check_applicability_v2.py", line 17, in canonical
    def canonical(v): return (json.dumps(v,sort_keys=True,indent=2,ensure_ascii=True,allow_nan=False)+'\n').encode('ascii')
                              ~~~~~~~~~~^^^^^^^^^^^^^^^^^^^^^^^^^^^^^^^^^^^^^^^^^^^^^^^^^^^^^^^^^^^^^
  File "/opt/homebrew/Cellar/python@3.14/3.14.0_1/Frameworks/Python.framework/Versions/3.14/lib/python3.14/json/__init__.py", line 238, in dumps
    **kw).encode(obj)
          ~~~~~~^^^^^
  File "/opt/homebrew/Cellar/python@3.14/3.14.0_1/Frameworks/Python.framework/Versions/3.14/lib/python3.14/json/encoder.py", line 200, in encode
    chunks = self.iterencode(o, _one_shot=True)
  File "/opt/homebrew/Cellar/python@3.14/3.14.0_1/Frameworks/Python.framework/Versions/3.14/lib/python3.14/json/encoder.py", line 261, in iterencode
    return _iterencode(o, 0)
  File "/opt/homebrew/Cellar/python@3.14/3.14.0_1/Frameworks/Python.framework/Versions/3.14/lib/python3.14/json/encoder.py", line 180, in default
    raise TypeError(f'Object of type {o.__class__.__name__} '
                    f'is not JSON serializable')
TypeError: Object of type bytes is not JSON serializable
